// Jest Snapshot v1, https://goo.gl/fbAQLP

exports[`<CurrencyInput /> component Renders with default value 1`] = `"<input type=\\"text\\" inputMode=\\"decimal\\" id=\\"validationCustom01\\" class=\\"form-control\\" value=\\"£1,234.56\\"/>"`;

exports[`<CurrencyInput /> component Renders without error 1`] = `ShallowWrapper {}`;
